<?xml version="1.0" ?>
<manifest
    xmlns:android="http://schemas.android.com/apk/res/android"
    xmlns:dist="http://schemas.android.com/apk/distribution"
    featureSplit="test_dummy"
    package="org.chromium.chrome.stable"
    platformBuildVersionCode="35"
    platformBuildVersionName="15"
    android:versionCode="OFFSET=22"
    android:versionName="#.#.#.#">
  <dist:module dist:onDemand="true" dist:title="@string/test_dummy_module_title">  # DIFF-ANCHOR: d029b25b
    <dist:fusing dist:include="true"/>
  </dist:module>  # DIFF-ANCHOR: d029b25b
  <uses-sdk android:minSdkVersion="26" android:targetSdkVersion="34"/>
  <application/>
</manifest>
