GroupedByName()
Showing 47 symbols (47 unique) with total pss: 37418251 bytes
Histogram of symbols based on PSS:
      {0}: 6    [8,16): 3     [64,128): 2      [2048,4096): 1      [524288,1048576): 2
    [2,4): 3   [16,32): 11   [128,256): 1     [8192,16384): 1     [1048576,2097152): 1
    [4,8): 6   [32,64): 7    [256,512): 1   [65536,131072): 1   [33554432,67108864): 1
Sizes: .text=81.8kb     .rodata=2.52mb     .data.rel.ro=92 bytes   .data=168 bytes  .bss=512kb      .other=32.3mb     total=35.7mb
Counts: .text=21 .rodata=11 .data.rel.ro=3 .data=5 .bss=6 .other=1
Number of unique paths: 9

Section Legend: t=.text, r=.rodata, R=.data.rel.ro, d=.data, b=.bss, o=.other
Index | Running Total | Section@Address | PSS | Path
------------------------------------------------------------
0)          4 (0.0%)  *@Group      4               google::protobuf::internal::pLinuxKernelCmpxchg (count=1)
1)          8 (0.0%)  *@Group      4               google::protobuf::internal::pLinuxKernelMemoryBarrier (count=1)
2)        160 (0.0%)  *@Group      152             base::android::kBaseRegisteredMethods (count=1)
3)        164 (0.0%)  *@Group      4               base::android::g_renderer_histogram_code (count=1)
4)        168 (0.0%)  *@Group      4               base::android::g_library_version_number (count=1)
5)        224 (0.0%)  *@Group      56              ChromeMainDelegateAndroid [vtable] (count=1)
6)        248 (0.0%)  *@Group      24              mojo::MessageReceiver [vtable] (count=1)
7)        260 (0.0%)  *@Group      12              kMethodsAnimationFrameTimeHistogram (count=1)
8)        316 (0.0%)  *@Group      56              ChromeMainDelegate [vtable] (count=1)
9)        340 (0.0%)  *@Group      24              chrome::mojom::FieldTrialRecorder [vtable] (count=1)
10)    790244 (2.1%)  *@Group      789904          chrome::mojom::FieldTrialRecorderProxy [vtable] (count=1)
11)    790276 (2.1%)  *@Group      32              .Lswitch.table.45 (count=1)
12)    790284 (2.1%)  *@Group      8               kSystemClassPrefixes (count=1)
13)  34692919 (92.7%) *@Group      33902635        Overhead: ELF file (count=1)
14)  34692924 (92.7%) *@Group      5               "Str1" (count=2)
15)  34692940 (92.7%) *@Group      16              "String literal2" (count=1)
16)  34692983 (92.7%) *@Group      43              ** merge strings (count=1)
17)  36658328 (98.0%) *@Group      1965345         ** merge constants (count=1)
18)  36658331 (98.0%) *@Group      3               ** symbol gap 0 (count=1)
19)  36658339 (98.0%) *@Group      8                (count=1)
20)  36658383 (98.0%) *@Group      44              Name (count=1)
21)  36658415 (98.0%) *@Group      32              chrome::mojom::FilePatcher::Name_ (count=1)
22)  37334455 (99.8%) *@Group      676040          kAnimationFrameTimeHistogramClassPath (count=1)
23)  37334459 (99.8%) *@Group      4               blink::CSSValueKeywordsHash::findValueImpl::value_word_list (count=1)
24)  37334475 (99.8%) *@Group      16              _GLOBAL__sub_I_page_allocator.cc (count=1)
25)  37334531 (99.8%) *@Group      56              _GLOBAL__sub_I_bbr_sender.cc (count=1)
26)  37334559 (99.8%) *@Group      28              _GLOBAL__sub_I_pacing_sender.cc (count=1)
27)  37334629 (99.8%) *@Group      70              extFromUUseMapping (count=2)
28)  37344387 (99.8%) *@Group      9758            ** symbol gaps (count=1)
29)  37344835 (99.8%) *@Group      448             ucnv_extMatchFromU (count=1)
30)  37344863 (99.8%) *@Group      28              _GLOBAL__sub_I_SkDeviceProfile.cpp (count=1)
31)  37413987 (100.0%) *@Group      69124           foo_bar (count=1)
32)  37414011 (100.0%) *@Group      24              BazAlias (count=1)
33)  37414041 (100.0%) *@Group      30              blink::ContiguousContainerBase::shrinkToFit (count=3)
34)  37414044 (100.0%) *@Group      3               BarAlias (count=1)
35)  37414047 (100.0%) *@Group      3               FooAlias (count=1)
36)  37414075 (100.0%) *@Group      28              blink::ContiguousContainerBase::ContiguousContainerBase (count=1)
37)  37414169 (100.0%) *@Group      94              blink::PaintChunker::releasePaintChunks (count=1)
38)  37418203 (100.0%) *@Group      4034            ** outlined function (count=1)
39)  37418227 (100.0%) *@Group      24              ** outlined function * 2 (count=1)
40)  37418251 (100.0%) *@Group      24              aliasedWithOutlinedFunction (count=1)
41)  37418251 (100.0%) *@Group      0               ff_cos_131072 (count=1)
42)  37418251 (100.0%) *@Group      0               ff_cos_131072_fixed (count=1)
43)  37418251 (100.0%) *@Group      0               ff_cos_65536 (count=1)
44)  37418251 (100.0%) *@Group      0               g_chrome_content_browser_client (count=1)
45)  37418251 (100.0%) *@Group      0               SaveHistogram::atomic_histogram_pointer (count=1)
46)  37418251 (100.0%) *@Group      0               g_AnimationFrameTimeHistogram_clazz (count=1)
GroupedByName(depth=1)
Showing 39 symbols (39 unique) with total pss: 37418251 bytes
Histogram of symbols based on PSS:
      {0}: 6    [8,16): 4    [64,128): 1      [2048,4096): 1      [524288,1048576): 2
    [2,4): 3   [16,32): 8   [128,256): 2     [8192,16384): 1     [1048576,2097152): 1
    [4,8): 1   [32,64): 6   [256,512): 1   [65536,131072): 1   [33554432,67108864): 1
Sizes: .text=81.8kb     .rodata=2.52mb     .data.rel.ro=92 bytes   .data=168 bytes  .bss=512kb      .other=32.3mb     total=35.7mb
Counts: .text=21 .rodata=11 .data.rel.ro=3 .data=5 .bss=6 .other=1
Number of unique paths: 9

Section Legend: t=.text, r=.rodata, R=.data.rel.ro, d=.data, b=.bss, o=.other
Index | Running Total | Section@Address | PSS | Path
------------------------------------------------------------
0)          8 (0.0%)  *@Group      8               google (count=2)
1)        168 (0.0%)  *@Group      160             base (count=3)
2)        224 (0.0%)  *@Group      56              ChromeMainDelegateAndroid [vtable] (count=1)
3)        248 (0.0%)  *@Group      24              mojo (count=1)
4)        260 (0.0%)  *@Group      12              kMethodsAnimationFrameTimeHistogram (count=1)
5)        316 (0.0%)  *@Group      56              ChromeMainDelegate [vtable] (count=1)
6)     790276 (2.1%)  *@Group      789960          chrome (count=3)
7)     790308 (2.1%)  *@Group      32              .Lswitch.table.45 (count=1)
8)     790316 (2.1%)  *@Group      8               kSystemClassPrefixes (count=1)
9)   34692951 (92.7%) *@Group      33902635        Overhead: ELF file (count=1)
10)  34692956 (92.7%) *@Group      5               "Str1" (count=2)
11)  34692972 (92.7%) *@Group      16              "String literal2" (count=1)
12)  34693015 (92.7%) *@Group      43              ** merge strings (count=1)
13)  36658360 (98.0%) *@Group      1965345         ** merge constants (count=1)
14)  36658363 (98.0%) *@Group      3               ** symbol gap 0 (count=1)
15)  36658371 (98.0%) *@Group      8                (count=1)
16)  36658415 (98.0%) *@Group      44              Name (count=1)
17)  37334455 (99.8%) *@Group      676040          kAnimationFrameTimeHistogramClassPath (count=1)
18)  37334611 (99.8%) *@Group      156             blink (count=6)
19)  37334627 (99.8%) *@Group      16              _GLOBAL__sub_I_page_allocator.cc (count=1)
20)  37334683 (99.8%) *@Group      56              _GLOBAL__sub_I_bbr_sender.cc (count=1)
21)  37334711 (99.8%) *@Group      28              _GLOBAL__sub_I_pacing_sender.cc (count=1)
22)  37334781 (99.8%) *@Group      70              extFromUUseMapping (count=2)
23)  37344539 (99.8%) *@Group      9758            ** symbol gaps (count=1)
24)  37344987 (99.8%) *@Group      448             ucnv_extMatchFromU (count=1)
25)  37345015 (99.8%) *@Group      28              _GLOBAL__sub_I_SkDeviceProfile.cpp (count=1)
26)  37414139 (100.0%) *@Group      69124           foo_bar (count=1)
27)  37414163 (100.0%) *@Group      24              BazAlias (count=1)
28)  37414166 (100.0%) *@Group      3               BarAlias (count=1)
29)  37414169 (100.0%) *@Group      3               FooAlias (count=1)
30)  37418203 (100.0%) *@Group      4034            ** outlined function (count=1)
31)  37418227 (100.0%) *@Group      24              ** outlined function * 2 (count=1)
32)  37418251 (100.0%) *@Group      24              aliasedWithOutlinedFunction (count=1)
33)  37418251 (100.0%) *@Group      0               ff_cos_131072 (count=1)
34)  37418251 (100.0%) *@Group      0               ff_cos_131072_fixed (count=1)
35)  37418251 (100.0%) *@Group      0               ff_cos_65536 (count=1)
36)  37418251 (100.0%) *@Group      0               g_chrome_content_browser_client (count=1)
37)  37418251 (100.0%) *@Group      0               SaveHistogram (count=1)
38)  37418251 (100.0%) *@Group      0               g_AnimationFrameTimeHistogram_clazz (count=1)
GroupedByName(depth=-1)
Showing 42 symbols (42 unique) with total pss: 37418251 bytes
Histogram of symbols based on PSS:
      {0}: 6    [8,16): 4    [64,128): 2      [2048,4096): 1      [524288,1048576): 2
    [2,4): 3   [16,32): 8   [128,256): 1     [8192,16384): 1     [1048576,2097152): 1
    [4,8): 2   [32,64): 8   [256,512): 1   [65536,131072): 1   [33554432,67108864): 1
Sizes: .text=81.8kb     .rodata=2.52mb     .data.rel.ro=92 bytes   .data=168 bytes  .bss=512kb      .other=32.3mb     total=35.7mb
Counts: .text=21 .rodata=11 .data.rel.ro=3 .data=5 .bss=6 .other=1
Number of unique paths: 9

Section Legend: t=.text, r=.rodata, R=.data.rel.ro, d=.data, b=.bss, o=.other
Index | Running Total | Section@Address | PSS | Path
------------------------------------------------------------
0)          8 (0.0%)  *@Group      8               google::protobuf::internal (count=2)
1)        168 (0.0%)  *@Group      160             base::android (count=3)
2)        224 (0.0%)  *@Group      56              ChromeMainDelegateAndroid [vtable] (count=1)
3)        248 (0.0%)  *@Group      24              mojo (count=1)
4)        260 (0.0%)  *@Group      12              kMethodsAnimationFrameTimeHistogram (count=1)
5)        316 (0.0%)  *@Group      56              ChromeMainDelegate [vtable] (count=1)
6)     790244 (2.1%)  *@Group      789928          chrome::mojom (count=2)
7)     790276 (2.1%)  *@Group      32              .Lswitch.table.45 (count=1)
8)     790284 (2.1%)  *@Group      8               kSystemClassPrefixes (count=1)
9)   34692919 (92.7%) *@Group      33902635        Overhead: ELF file (count=1)
10)  34692924 (92.7%) *@Group      5               "Str1" (count=2)
11)  34692940 (92.7%) *@Group      16              "String literal2" (count=1)
12)  34692983 (92.7%) *@Group      43              ** merge strings (count=1)
13)  36658328 (98.0%) *@Group      1965345         ** merge constants (count=1)
14)  36658331 (98.0%) *@Group      3               ** symbol gap 0 (count=1)
15)  36658339 (98.0%) *@Group      8                (count=1)
16)  36658383 (98.0%) *@Group      44              Name (count=1)
17)  36658415 (98.0%) *@Group      32              chrome::mojom::FilePatcher (count=1)
18)  37334455 (99.8%) *@Group      676040          kAnimationFrameTimeHistogramClassPath (count=1)
19)  37334459 (99.8%) *@Group      4               blink::CSSValueKeywordsHash::findValueImpl (count=1)
20)  37334475 (99.8%) *@Group      16              _GLOBAL__sub_I_page_allocator.cc (count=1)
21)  37334531 (99.8%) *@Group      56              _GLOBAL__sub_I_bbr_sender.cc (count=1)
22)  37334559 (99.8%) *@Group      28              _GLOBAL__sub_I_pacing_sender.cc (count=1)
23)  37334629 (99.8%) *@Group      70              extFromUUseMapping (count=2)
24)  37344387 (99.8%) *@Group      9758            ** symbol gaps (count=1)
25)  37344835 (99.8%) *@Group      448             ucnv_extMatchFromU (count=1)
26)  37344863 (99.8%) *@Group      28              _GLOBAL__sub_I_SkDeviceProfile.cpp (count=1)
27)  37413987 (100.0%) *@Group      69124           foo_bar (count=1)
28)  37414011 (100.0%) *@Group      24              BazAlias (count=1)
29)  37414069 (100.0%) *@Group      58              blink::ContiguousContainerBase (count=4)
30)  37414072 (100.0%) *@Group      3               BarAlias (count=1)
31)  37414075 (100.0%) *@Group      3               FooAlias (count=1)
32)  37414169 (100.0%) *@Group      94              blink::PaintChunker (count=1)
33)  37418203 (100.0%) *@Group      4034            ** outlined function (count=1)
34)  37418227 (100.0%) *@Group      24              ** outlined function * 2 (count=1)
35)  37418251 (100.0%) *@Group      24              aliasedWithOutlinedFunction (count=1)
36)  37418251 (100.0%) *@Group      0               ff_cos_131072 (count=1)
37)  37418251 (100.0%) *@Group      0               ff_cos_131072_fixed (count=1)
38)  37418251 (100.0%) *@Group      0               ff_cos_65536 (count=1)
39)  37418251 (100.0%) *@Group      0               g_chrome_content_browser_client (count=1)
40)  37418251 (100.0%) *@Group      0               SaveHistogram (count=1)
41)  37418251 (100.0%) *@Group      0               g_AnimationFrameTimeHistogram_clazz (count=1)
GroupedByName(depth=1, min_count=2)
Showing 39 symbols (37 unique) with total pss: 37418251 bytes
Histogram of symbols based on PSS:
     [2,4): 3    [16,32): 9     [128,256): 3      [8192,16384): 1     [262144,524288): 1   [33554432,67108864): 1
     [4,8): 2    [32,64): 6     [256,512): 1    [65536,131072): 1    [524288,1048576): 2
    [8,16): 4   [64,128): 1   [2048,4096): 1   [131072,262144): 2   [1048576,2097152): 1
Sizes: .text=81.8kb     .rodata=2.52mb     .data.rel.ro=92 bytes   .data=168 bytes  .bss=512kb      .other=32.3mb     total=35.7mb
Counts: .text=21 .rodata=11 .data.rel.ro=3 .data=5 .bss=6 .other=1
Number of unique paths: 9

Section Legend: t=.text, r=.rodata, R=.data.rel.ro, d=.data, b=.bss, o=.other
Index | Running Total | Section@Address | PSS | Path
------------------------------------------------------------
0)          8 (0.0%)  *@Group      8              {no path}
             google (count=2)
1)        168 (0.0%)  *@Group      160            third_party/container/container.c
             base (count=3)
2)        224 (0.0%)  R@0x2cd8500  56             third_party/paint.cc
             ChromeMainDelegateAndroid [vtable]
3)        248 (0.0%)  R@0x2cd8538  24             base/page_allocator.cc
             mojo::MessageReceiver [vtable]
4)        260 (0.0%)  R@0x2cd8550  12             base/page_allocator.cc
             kMethodsAnimationFrameTimeHistogram
5)        316 (0.0%)  R@0x2c176f0  56             $root_gen_dir/third_party/icu/ucnv_ext.c
             ChromeMainDelegate [vtable]
6)     790276 (2.1%)  *@Group      789960         {no path}
             chrome (count=3)
7)     790308 (2.1%)  R@0x2cd84e0  32             third_party/gvr-android-sdk/libgvr_shim_static_arm.a/libcontroller_api_impl.a_controller_api_impl.o
             .Lswitch.table.45
8)     790316 (2.1%)  R@0x2cd84f0  8              third_party/gvr-android-sdk/libgvr_shim_static_arm.a/libport_android_jni.a_jni_utils.o
             kSystemClassPrefixes
9)   34692951 (92.7%) o@0x0        33902635       {no path}
             Overhead: ELF file
10)  34692956 (92.7%) *@Group      5              {no path}
             "Str1" (count=2)
11)  34692972 (92.7%) r@0x266e605  16             $root_gen_dir/third_party/icu/ucnv_ext.c
             "String literal2"
12)  34693015 (92.7%) r@0x266e630  43             {no path}
             ** merge strings
13)  36658360 (98.0%) r@0x284d600  1965345        {no path}
             ** merge constants
14)  36658363 (98.0%) r@0x284e364  3              {no path}
             ** symbol gap 0
15)  36658371 (98.0%) r@0x284e364  8              base/page_allocator.cc
16)  36658415 (98.0%) r@0x284e370  44             base/page_allocator.cc
             Name
17)  37334455 (99.8%) r@0x28f3450  676040         third_party/paint.cc
             kAnimationFrameTimeHistogramClassPath
18)  37334611 (99.8%) *@Group      156            {no path}
             blink (count=6)
19)  37334627 (99.8%) t@0x28d900   16             base/page_allocator.cc
             _GLOBAL__sub_I_page_allocator.cc
20)  37334683 (99.8%) t@0x28d910   56             base/page_allocator.cc
             _GLOBAL__sub_I_bbr_sender.cc
21)  37334711 (99.8%) t@0x28d948   28             base/page_allocator.cc
             _GLOBAL__sub_I_pacing_sender.cc
22)  37334781 (99.8%) *@Group      70             base/page_allocator.cc
             extFromUUseMapping (count=2)
23)  37344539 (99.8%) t@Group      9758           {no path}
             ** symbol gaps (count=2)
24)  37344987 (99.8%) t@0x28f000   448            $root_gen_dir/third_party/icu/ucnv_ext.c
             ucnv_extMatchFromU
25)  37345015 (99.8%) t@0x28f1c8   28             $root_gen_dir/third_party/icu/ucnv_ext.c
             _GLOBAL__sub_I_SkDeviceProfile.cpp
26)  37414139 (100.0%) t@0x28f1e0   69124          $root_gen_dir/third_party/icu/ucnv_ext.c
             foo_bar
27)  37414163 (100.0%) t@0x2a0000   24 (size=48)   $root_gen_dir/third_party/icu/ucnv_ext.c
             BazAlias (num_aliases=2)
28)  37414166 (100.0%) t@0x2a0010   3 (size=12)    third_party/fft_float.cc
             BarAlias (num_aliases=4)
29)  37414169 (100.0%) t@0x2a0010   3 (size=12)    third_party/fft_float.cc
             FooAlias (num_aliases=4)
30)  37418203 (100.0%) t@0x2a2000   4034           third_party/container/container.c
             ** outlined function
31)  37418227 (100.0%) t@0x2a2020   24 (size=48)   {no path}
             ** outlined function * 2 (num_aliases=2)
32)  37418251 (100.0%) t@0x2a2020   24 (size=48)   {no path}
             aliasedWithOutlinedFunction (num_aliases=2)
33)  37418251 (100.0%) b@0x0        262144         third_party/fft_float.cc
             ff_cos_131072
34)  37418251 (100.0%) b@0x0        131072         third_party/fft_fixed.cc
             ff_cos_131072_fixed
35)  37418251 (100.0%) b@0x0        131072         third_party/fft_float.cc
             ff_cos_65536
36)  37418251 (100.0%) b@0x2dffda0  28             $root_gen_dir/third_party/icu/ucnv_ext.c
             g_chrome_content_browser_client
37)  37418251 (100.0%) b@0x2dffe80  200            $root_gen_dir/third_party/icu/ucnv_ext.c
             SaveHistogram::atomic_histogram_pointer
38)  37418251 (100.0%) b@0x2dffe84  4              $root_gen_dir/third_party/icu/ucnv_ext.c
             g_AnimationFrameTimeHistogram_clazz
