Archive member included because of file (symbol)

obj/chrome/browser/libbrowser.a(about_flags.o)
                              --whole-archive

Allocating common symbols
Common symbol       size              file

ff_cos_131072       0x40000           obj/third_party/ffmpeg/libffmpeg_internal.a(fft_float.o)
ff_cos_131072_fixed
                    0x20000           obj/third_party/ffmpeg/libffmpeg_internal.a(fft_fixed.o)
ff_cos_65536        0x20000           obj/third_party/ffmpeg/libffmpeg_internal.a(fft_float.o)

Discarded input sections

 .text          0x00000000        0x0 obj/chrome/android/chrome/chrome_main_delegate_android_initializer.o
 .data          0x00000000        0x0 obj/chrome/android/chrome/chrome_main_delegate_android_initializer.o
 .bss           0x00000000        0x0 obj/chrome/android/chrome/chrome_main_delegate_android_initializer.o
 .ARM.extab.text._ZN25ChromeMainDelegateAndroid6CreateEv
                0x00000000        0x0 obj/chrome/android/chrome/chrome_main_delegate_android_initializer.o
 .note.GNU-stack
                0x00000000        0x0 obj/chrome/android/chrome/chrome_main_delegate_android_initializer.o

Memory map

 ** file header
                0x00000000       0x34
 ** segment headers
                0x00000034      0x120

.interp         0x00000154       0x13
 ** fill        0x00000154       0x13

.note.gnu.build-id
                0x00000168       0x24
 ** note header
                0x00000168       0x10
 ** zero fill   0x00000178       0x14

.dynsym         0x0000018c     0x1960
 ** dynsym      0x0000018c     0x1960

.dynstr         0x00001aec      0xfb9
 ** string table
                0x00001aec      0xfb9

.hash           0x00002aa8      0xa7c
 ** hash        0x00002aa8      0xa7c

.gnu.version    0x00003524      0x32c
 ** versions    0x00003524      0x32c

.gnu.version_d  0x00003850       0x1c
 ** version defs
                0x00003850       0x1c

.gnu.version_r  0x0000386c       0x60
 ** version refs
                0x0000386c       0x60

.rel.dyn        0x000038cc   0x288498
 ** dynamic relocs
                0x000038cc   0x288498
 ** dynamic relocs
                0x0028bd64        0x0

.rel.plt        0x0028bd64      0xb00
 ** dynamic relocs
                0x0028bd64      0xb00

.plt            0x0028c864     0x1094
 ** PLT         0x0028c864     0x1094

.text           0x0028d900  0x2250ba8
 .text.startup._GLOBAL__sub_I_page_allocator.cc
                0x0028d900       0x10 obj/base/base/page_allocator.o
 .text.startup._GLOBAL__sub_I_bbr_sender.cc
                0x0028d910       0x38 obj/base/base/page_allocator.o
 ** fill        0x0028d948        0xa
 .text.startup._GLOBAL__sub_I_pacing_sender.cc
                0x0028d948       0x1c obj/base/base/page_allocator.o
 .text._ZL18extFromUUseMappingaji
                0xffffffffffffffff       0x26 obj/base/base/page_allocator.o
 .text._ZL18extFromUUseMapping2aji
                0xffffffffffffffff       0x20 obj/base/base/page_allocator.o
 .text._ZL18ucnv_extMatchFromUPKiiPKtiS2_iPjaa
                0x0028f000      0x1c0 ./obj/third_party/icu/../icu/icuuc/ucnv_ext.o
 .text.startup._GLOBAL__sub_I_SkDeviceProfile.cpp
                0x0028f1c8       0x14 ./obj/third_party/icu/../icu/icuuc/ucnv_ext.o
 .text.unlikely.foo_bar
                0x0028f1e0       0x10e00 ./obj/third_party/icu/../icu/icuuc/ucnv_ext.o
 .text._ZN5blink23ContiguousContainerBase11shrinkToFitEv
                0x002a0000       0x10 obj/third_party/WebKit.a(./../third_party/sub/PaintChunker.o)
                0x002a0001                blink::ContiguousContainerBase::shrinkToFit()
 .text.hot._ZN5blink23ContiguousContainerBase11shrinkToFitEv2.part.1234.isra.2
                0x002a0010       0xc obj/third_party/WebKit.a(./../third_party/sub/PaintChunker.o)
                0x002a0011                blink::ContiguousContainerBase::shrinkToFit()
 .text._ZN5blink23ContiguousContainerBaseC2EOS0_
                0xffffffffffffffff       0x18 obj/third_party/WebKit.a(sub/ContiguousContainer.o)
                0x002a0021                blink::ContiguousContainerBase::ContiguousContainerBase(blink::ContiguousContainerBase&&)
                0x002a0021                blink::ContiguousContainerBase::ContiguousContainerBase(blink::ContiguousContainerBase&&)
 .text._ZN10_GLOBAL__N5blink12PaintChunker18releasePaintChunksEv.part.1
                0x002a1000       0x5e obj/third_party/WebKit.a(sub/ContiguousContainer.o)
                0x002a1001                (anonymous namespace)::blink::PaintChunker::releasePaintChunks() [clone .part.1]
 .text.OUTLINED_FUNCTION_0
                0x002a2000       0x20 obj/third_party/WebKit.a(sub/ContiguousContainer.o)
 .text.OUTLINED_FUNCTION_1
                0x002a2020       0x30 obj/third_party/WebKit.a(sub/ContiguousContainer.o)

.ARM.exidx      0x024ca628   0x1771c8
 .ARM.exidx.text.startup._GLOBAL__sub_I_page_allocator.cc
                0x024ca628        0x8 obj/base/base/page_allocator.o

.ARM.extab      0x026417f0    0x2cd50
 .ARM.extab.text._ZN7android15OnJNIOnLoadInitEv
                0x026417f0        0xc obj/chrome/chrome_android_core/chrome_jni_onload.o

.rodata         0x0266e600   0x5a72e4
 ** merge strings
                0x0266e600   0x20
 ** merge strings
                0x0266e630   0x10
 ** merge constants
                0x0284d600      0xd61
 .rodata        0x0284e364        0x8 obj/base/base/page_allocator.o
 .rodata.Name
                0x0284e370       0x28 obj/base/base/page_allocator.o
                0x0284e370                Name
 .rodata._ZN6chrome5mojom11FilePatcher5Name_E
                0x0284e398       0x20 obj/third_party/WebKit.a(sub/ContiguousContainer.o)
                0x0284e398                chrome::mojom::FilePatcher::Name_
 .rodata._ZN12_GLOBAL__N_1L37kAnimationFrameTimeHistogramClassPathE
                0x028f3450       0x30 obj/third_party/WebKit.a(./../third_party/sub/PaintChunker.o)
 .rodata._ZZN10_GLOBAL__N5blink20CSSValueKeywordsHash13findValueImplEPKcjE15value_word_list
                0x028f3480       0x4 obj/third_party/WebKit.a(./../third_party/sub/PaintChunker.o)
                0x028f3480                blink::(anonymous namespace)::CSSValueKeywordsHash::findValueImpl(char const*, unsigned int)::value_word_list

.data.rel.ro.local
                0x02c176f0    0xc0e08
 .data.rel.ro.local._ZTV18ChromeMainDelegate
                0x02c176f0       0x38 ./obj/third_party/icu/../icu/icuuc/ucnv_ext.o
                0x02c176f0                vtable for ChromeMainDelegate
 .data.rel.ro.local._ZTVN6chrome5mojom34FieldTrialRecorderRequestValidatorE
                0x02c17728       0x18 ./obj/third_party/icu/../icu/icuuc/ucnv_ext.o
                0x02c17728                vtable for chrome::mojom::FieldTrialRecorder
 .data.rel.ro.local._ZTVN6chrome5mojom23FieldTrialRecorderProxyE
                0x02c17740       0xc0d90 obj/third_party/WebKit.a(sub/ContiguousContainer.o)
                0x02c17740                vtable for chrome::mojom::FieldTrialRecorderProxy
 .data.rel.ro.local..Lswitch.table.45
                0x02cd84e0       0x10 ../../third_party/gvr-android-sdk/libgvr_shim_static_arm.a(libcontroller_api_impl.a_controller_api_impl.o)
 .data.rel.ro.local._ZN12_GLOBAL__N_1L20kSystemClassPrefixesE
                0x02cd84f0        0x8 ../../third_party/gvr-android-sdk/libgvr_shim_static_arm.a(libport_android_jni.a_jni_utils.o)

.data.rel.ro    0x02cd8500   0x104108
 .data.rel.ro._ZTV25ChromeMainDelegateAndroid
                0x02cd8500       0x38 obj/third_party/WebKit.a(./../third_party/sub/PaintChunker.o)
                0x02cd8500                vtable for ChromeMainDelegateAndroid
 .data.rel.ro._ZTVN4mojo15MessageReceiverE
                0x02cd8538       0x18 obj/base/base/page_allocator.o
                0x02cd8538                vtable for mojo::MessageReceiver
 .data.rel.ro._ZL35kMethodsAnimationFrameTimeHistogram
                0x02cd8550        0xc obj/base/base/page_allocator.o

.init_array     0x02ddc608       0x8
 .init_array    0x02ddc608        0x4 obj/base/base/library_prefetcher.o
 .init_array    0x02ddc60c        0x4 obj/base/base/page_allocator.o

.fini_array     0x02ddc6f4        0x8
 .fini_array    0x02ddc6f4        0x4 ../../third_party/android_ndk/platforms/android-16/arch-arm/usr/lib/crtbegin_so.o
 .fini_array    0x02ddc6f8        0x4 ../../third_party/android_ndk/platforms/android-16/arch-arm/usr/lib/crtend_so.o

.dynamic        0x02ddc6fc      0x130
 ** dynamic     0x02ddc6fc      0x130

.got            0x02ddc834     0xa7cc
 ** GOT         0x02ddc834     0xa240
 ** GOT PLT     0x02de6a74      0x58c
 ** GOT IRELATIVE PLT
                0x02de7000        0x0

.data           0x02de7000    0x18d88
 .data._ZN6google8protobuf8internal19pLinuxKernelCmpxchgE
                0x02de7000        0x4 obj/base/base/page_allocator.o
                0x02de7000                google::protobuf::internal::pLinuxKernelCmpxchg
 .data._ZN6google8protobuf8internal25pLinuxKernelMemoryBarrierE
                0x02de7004        0x4 obj/third_party/WebKit.a(sub/ContiguousContainer.o)
                0x02de7004                google::protobuf::internal::pLinuxKernelMemoryBarrier
 .data.rel._ZN4base7androidL22kBaseRegisteredMethodsE
                0x02de7008       0x98 obj/third_party/WebKit.a(sub/ContiguousContainer.o)
 .data._ZN4base7android12_GLOBAL__N_125g_renderer_histogram_codeE
                0x02de70a0        0x4 obj/third_party/WebKit.a(sub/ContiguousContainer.o)
 .data.rel.local._ZN4base7android12_GLOBAL__N_124g_library_version_numberE
                0x02de70a4        0x4 obj/third_party/WebKit.a(sub/ContiguousContainer.o)

.bss            0x02dffda0   0x13d7e8
 .bss.g_chrome_content_browser_client
                0x02dffda0       0x1c ./obj/third_party/icu/../icu/icuuc/ucnv_ext.o
                0x02dffda0                g_chrome_content_browser_client
 .bss._ZZL13SaveHistogramP7_JNIEnvRKN4base7android12JavaParamRefIP8_jobjectEERKNS3_IP8_jstringEERKNS3_IP11_jlongArrayEEiE24atomic_histogram_pointer
                0x02dffe80        0x4 ./obj/third_party/icu/../icu/icuuc/ucnv_ext.o
 .bss._ZN12_GLOBAL__N_135g_AnimationFrameTimeHistogram_clazzE
                0x02dffe84        0x4 ./obj/third_party/icu/../icu/icuuc/ucnv_ext.o
 ** common      0x02e2fca0   0x10d8e8

.note.gnu.gold-version
                0x00000000       0x1c
 ** note header
                0x00000000       0x10
 ** fill        0x00000010        0x9
 ** zero fill   0x00000019        0x3

.ARM.attributes
                0x00000000       0x3c
 ** attributes  0x00000000       0x3c

.symtab         0x00000000  0x105ef20
 ** symtab      0x00000000  0x105ef20

.strtab         0x00000000  0x213a4fe
 ** string table
                0x00000000  0x213a4fe

.shstrtab       0x00000000      0x1b4
 ** string table
                0x00000000      0x1b4
