******** section_sizes ********
.ARM.attributes          @0        35
.ARM.exidx               @188      1975928
.ARM.extab               @82504c   36860
.bss                     @2f56000  1089404
.comment                 @0        168
.data                    @2d4c000  118728
.data.rel.ro             @2d69000  2013024
.dynamic                 @2f54778  240
.dynstr                  @1e43fc   3947
.dynsym                  @1e2800   6256
.fini_array              @2f54760  8
.gnu.hash                @1e43e0   28
.gnu.version             @1e4070   782
.gnu.version_r           @1e4380   96
.got                     @2f54868  1452
.got.plt                 @2f54e14  1528
.init_array              @2f54768  16
.interp                  @174      19
.note.android.ident      @213134   152
.note.crashpad.info      @213118   28
.note.gnu.build-id       @2131cc   36
.part.end                @0        4096
.plt                     @2d4a7f0  6096
.rel.dyn                 @1e5368   184789
.rel.plt                 @212540   3032
.rodata                  @213200   6364747
.shstrtab                @0        452
.strtab                  @0        49754930
.symtab                  @0        18626064
.text                    @82f000   38909928

******** raw_symbols ********
.rodata@213200(size_without_padding=4,padding=0,full_name=v8_Default_embedded_blob_size_,object_path=obj/v8/v8_external_snapshot/embedded.o,source_path=,flags={},num_aliases=1,component=)
.rodata@213210(size_without_padding=16,padding=0,full_name=pmmp,object_path=obj/third_party/ffmpeg/libffmpeg_internal.a(ffmpeg_internal/fft_neon.o),source_path=,flags={},num_aliases=1,component=)
.rodata@213220(size_without_padding=16,padding=0,full_name=mppm,object_path=obj/third_party/ffmpeg/libffmpeg_internal.a(ffmpeg_internal/fft_neon.o),source_path=,flags={},num_aliases=1,component=)
.rodata@213230(size_without_padding=192,padding=0,full_name=std::__ndk1::(anonymous namespace)::small_primes,object_path=../../third_party/android_ndk/sources/cxx-stl/llvm-libc++/libs/armeabi-v7a/libc++_static.a(hash.o),source_path=,flags={},num_aliases=1,component=)
.rodata@2132f0(size_without_padding=192,padding=0,full_name=std::__ndk1::(anonymous namespace)::indices,object_path=../../third_party/android_ndk/sources/cxx-stl/llvm-libc++/libs/armeabi-v7a/libc++_static.a(hash.o),source_path=,flags={},num_aliases=1,component=)
.rodata@2133b0(size_without_padding=4,padding=0,full_name=std::__ndk1::ios_base::boolalpha,object_path=../../third_party/android_ndk/sources/cxx-stl/llvm-libc++/libs/armeabi-v7a/libc++_static.a(ios.o),source_path=,flags={},num_aliases=1,component=)
.rodata@2133b4(size_without_padding=4,padding=0,full_name=std::__ndk1::ios_base::dec,object_path=../../third_party/android_ndk/sources/cxx-stl/llvm-libc++/libs/armeabi-v7a/libc++_static.a(ios.o),source_path=,flags={},num_aliases=1,component=)
.rodata@2133b8(size_without_padding=4,padding=0,full_name=std::__ndk1::ios_base::fixed,object_path=../../third_party/android_ndk/sources/cxx-stl/llvm-libc++/libs/armeabi-v7a/libc++_static.a(ios.o),source_path=,flags={},num_aliases=1,component=)
.rodata@2133bc(size_without_padding=4,padding=0,full_name=std::__ndk1::ios_base::hex,object_path=../../third_party/android_ndk/sources/cxx-stl/llvm-libc++/libs/armeabi-v7a/libc++_static.a(ios.o),source_path=,flags={},num_aliases=1,component=)
.rodata@2133c0(size_without_padding=4,padding=0,full_name=std::__ndk1::ios_base::internal,object_path=../../third_party/android_ndk/sources/cxx-stl/llvm-libc++/libs/armeabi-v7a/libc++_static.a(ios.o),source_path=,flags={},num_aliases=1,component=)
.rodata@2133c4(size_without_padding=4,padding=0,full_name=std::__ndk1::ios_base::left,object_path=../../third_party/android_ndk/sources/cxx-stl/llvm-libc++/libs/armeabi-v7a/libc++_static.a(ios.o),source_path=,flags={},num_aliases=1,component=)
.rodata@2133c8(size_without_padding=4,padding=0,full_name=std::__ndk1::ios_base::oct,object_path=../../third_party/android_ndk/sources/cxx-stl/llvm-libc++/libs/armeabi-v7a/libc++_static.a(ios.o),source_path=,flags={},num_aliases=1,component=)
.rodata@2133cc(size_without_padding=4,padding=0,full_name=std::__ndk1::ios_base::right,object_path=../../third_party/android_ndk/sources/cxx-stl/llvm-libc++/libs/armeabi-v7a/libc++_static.a(ios.o),source_path=,flags={},num_aliases=1,component=)
.rodata@2133d0(size_without_padding=4,padding=0,full_name=std::__ndk1::ios_base::scientific,object_path=../../third_party/android_ndk/sources/cxx-stl/llvm-libc++/libs/armeabi-v7a/libc++_static.a(ios.o),source_path=,flags={},num_aliases=1,component=)
.rodata@2133d4(size_without_padding=4,padding=0,full_name=std::__ndk1::ios_base::showbase,object_path=../../third_party/android_ndk/sources/cxx-stl/llvm-libc++/libs/armeabi-v7a/libc++_static.a(ios.o),source_path=,flags={},num_aliases=1,component=)
.rodata@2133d8(size_without_padding=4,padding=0,full_name=std::__ndk1::ios_base::showpoint,object_path=../../third_party/android_ndk/sources/cxx-stl/llvm-libc++/libs/armeabi-v7a/libc++_static.a(ios.o),source_path=,flags={},num_aliases=1,component=)
.rodata@2133dc(size_without_padding=4,padding=0,full_name=std::__ndk1::ios_base::showpos,object_path=../../third_party/android_ndk/sources/cxx-stl/llvm-libc++/libs/armeabi-v7a/libc++_static.a(ios.o),source_path=,flags={},num_aliases=1,component=)
.rodata@2133e0(size_without_padding=4,padding=0,full_name=std::__ndk1::ios_base::skipws,object_path=../../third_party/android_ndk/sources/cxx-stl/llvm-libc++/libs/armeabi-v7a/libc++_static.a(ios.o),source_path=,flags={},num_aliases=1,component=)
.rodata@2133e4(size_without_padding=4,padding=0,full_name=std::__ndk1::ios_base::unitbuf,object_path=../../third_party/android_ndk/sources/cxx-stl/llvm-libc++/libs/armeabi-v7a/libc++_static.a(ios.o),source_path=,flags={},num_aliases=1,component=)
.rodata@2133e8(size_without_padding=4,padding=0,full_name=std::__ndk1::ios_base::uppercase,object_path=../../third_party/android_ndk/sources/cxx-stl/llvm-libc++/libs/armeabi-v7a/libc++_static.a(ios.o),source_path=,flags={},num_aliases=1,component=)
.rodata@2133ec(size_without_padding=4,padding=0,full_name=std::__ndk1::ios_base::adjustfield,object_path=../../third_party/android_ndk/sources/cxx-stl/llvm-libc++/libs/armeabi-v7a/libc++_static.a(ios.o),source_path=,flags={},num_aliases=1,component=)
.rodata@2133f0(size_without_padding=4,padding=0,full_name=std::__ndk1::ios_base::basefield,object_path=../../third_party/android_ndk/sources/cxx-stl/llvm-libc++/libs/armeabi-v7a/libc++_static.a(ios.o),source_path=,flags={},num_aliases=1,component=)
.rodata@2133f4(size_without_padding=4,padding=0,full_name=std::__ndk1::ios_base::floatfield,object_path=../../third_party/android_ndk/sources/cxx-stl/llvm-libc++/libs/armeabi-v7a/libc++_static.a(ios.o),source_path=,flags={},num_aliases=1,component=)
.rodata@2133f8(size_without_padding=4,padding=0,full_name=std::__ndk1::ios_base::badbit,object_path=../../third_party/android_ndk/sources/cxx-stl/llvm-libc++/libs/armeabi-v7a/libc++_static.a(ios.o),source_path=,flags={},num_aliases=1,component=)
.rodata@2133fc(size_without_padding=4,padding=0,full_name=std::__ndk1::ios_base::eofbit,object_path=../../third_party/android_ndk/sources/cxx-stl/llvm-libc++/libs/armeabi-v7a/libc++_static.a(ios.o),source_path=,flags={},num_aliases=1,component=)
.rodata@213400(size_without_padding=4,padding=0,full_name=std::__ndk1::ios_base::failbit,object_path=../../third_party/android_ndk/sources/cxx-stl/llvm-libc++/libs/armeabi-v7a/libc++_static.a(ios.o),source_path=,flags={},num_aliases=1,component=)
.rodata@213404(size_without_padding=4,padding=0,full_name=std::__ndk1::ios_base::goodbit,object_path=../../third_party/android_ndk/sources/cxx-stl/llvm-libc++/libs/armeabi-v7a/libc++_static.a(ios.o),source_path=,flags={},num_aliases=1,component=)
.rodata@213408(size_without_padding=4,padding=0,full_name=std::__ndk1::ios_base::app,object_path=../../third_party/android_ndk/sources/cxx-stl/llvm-libc++/libs/armeabi-v7a/libc++_static.a(ios.o),source_path=,flags={},num_aliases=1,component=)
.rodata@21340c(size_without_padding=4,padding=0,full_name=std::__ndk1::ios_base::ate,object_path=../../third_party/android_ndk/sources/cxx-stl/llvm-libc++/libs/armeabi-v7a/libc++_static.a(ios.o),source_path=,flags={},num_aliases=1,component=)
.rodata@213410(size_without_padding=4,padding=0,full_name=std::__ndk1::ios_base::binary,object_path=../../third_party/android_ndk/sources/cxx-stl/llvm-libc++/libs/armeabi-v7a/libc++_static.a(ios.o),source_path=,flags={},num_aliases=1,component=)
.rodata@213414(size_without_padding=4,padding=0,full_name=std::__ndk1::ios_base::in,object_path=../../third_party/android_ndk/sources/cxx-stl/llvm-libc++/libs/armeabi-v7a/libc++_static.a(ios.o),source_path=,flags={},num_aliases=1,component=)
.rodata@213418(size_without_padding=4,padding=0,full_name=std::__ndk1::ios_base::out,object_path=../../third_party/android_ndk/sources/cxx-stl/llvm-libc++/libs/armeabi-v7a/libc++_static.a(ios.o),source_path=,flags={},num_aliases=1,component=)
.rodata@21341c(size_without_padding=4,padding=0,full_name=std::__ndk1::ios_base::trunc,object_path=../../third_party/android_ndk/sources/cxx-stl/llvm-libc++/libs/armeabi-v7a/libc++_static.a(ios.o),source_path=,flags={},num_aliases=1,component=)
.rodata@213420(size_without_padding=29,padding=0,full_name=typeinfo name for std::__ndk1::ios_base::failure,object_path=../../third_party/android_ndk/sources/cxx-stl/llvm-libc++/libs/armeabi-v7a/libc++_static.a(ios.o),source_path=,flags={},num_aliases=1,component=)
.rodata@213440(size_without_padding=21,padding=0,full_name=typeinfo name for std::__ndk1::ios_base,object_path=../../third_party/android_ndk/sources/cxx-stl/llvm-libc++/libs/armeabi-v7a/libc++_static.a(ios.o),source_path=,flags={},num_aliases=1,component=)
.rodata@213460(size_without_padding=33,padding=0,full_name=typeinfo name for std::__ndk1::__iostream_category,object_path=../../third_party/android_ndk/sources/cxx-stl/llvm-libc++/libs/armeabi-v7a/libc++_static.a(ios.o),source_path=,flags={},num_aliases=1,component=)
.rodata@213490(size_without_padding=45,padding=0,full_name=_ZTSNSt6__ndk19basic_iosIcNS_11char_traitsIcEEEE,object_path=../../third_party/android_ndk/sources/cxx-stl/llvm-libc++/libs/armeabi-v7a/libc++_static.a(ios.o),source_path=,flags={},num_aliases=1,component=)
.rodata@21368b(size_without_padding=2897806,padding=0,full_name=** lld merge strings,object_path=,source_path=,flags={},num_aliases=1,component=)
.rodata@4d6e20(size_without_padding=27,padding=0,full_name=typeinfo name for std::__ndk1::__stdinbuf<wchar_t>,object_path=../../third_party/android_ndk/sources/cxx-stl/llvm-libc++/libs/armeabi-v7a/libc++_static.a(iostream.o),source_path=,flags={},num_aliases=1,component=)
.rodata@4d7920(size_without_padding=9836,padding=0,full_name=** lld merge strings,object_path=,source_path=,flags={},num_aliases=1,component=)
.rodata@4d9f90(size_without_padding=24,padding=0,full_name=typeinfo name for std::__ndk1::ctype_base,object_path=../../third_party/android_ndk/sources/cxx-stl/llvm-libc++/libs/armeabi-v7a/libc++_static.a(locale.o),source_path=,flags={},num_aliases=1,component=)
.rodata@4d9fb0(size_without_padding=26,padding=0,full_name=typeinfo name for std::__ndk1::codecvt_base,object_path=../../third_party/android_ndk/sources/cxx-stl/llvm-libc++/libs/armeabi-v7a/libc++_static.a(locale.o),source_path=,flags={},num_aliases=1,component=)
.rodata@503eb3(size_without_padding=1,padding=0,full_name=network::mojom::CookieManagerProxy_SetCanonicalCookie_Message::kMessageTag,object_path=,source_path=,flags={},num_aliases=1,component=)
.rodata@503eb4(size_without_padding=1,padding=0,full_name=network::mojom::CookieManagerProxy_DeleteCanonicalCookie_Message::kMessageTag,object_path=,source_path=,flags={},num_aliases=1,component=)
.text@82f000(size_without_padding=64,padding=0,full_name=,object_path=obj/third_party/boringssl/boringssl_asm/chacha-armv4.o,source_path=,flags={},num_aliases=1,component=)
.text@82f040(size_without_padding=1008,padding=0,full_name=ChaCha20_ctr32,object_path=obj/third_party/boringssl/boringssl_asm/chacha-armv4.o,source_path=,flags={},num_aliases=1,component=)
.text@82f440(size_without_padding=2204,padding=0,full_name=ChaCha20_neon,object_path=obj/third_party/boringssl/boringssl_asm/chacha-armv4.o,source_path=,flags={},num_aliases=1,component=)
.text@82fce0(size_without_padding=1344,padding=0,full_name=AES_Te,object_path=obj/third_party/boringssl/boringssl_asm/aes-armv4.o,source_path=,flags={},num_aliases=1,component=)
.text@830220(size_without_padding=96,padding=0,full_name=aes_nohw_encrypt,object_path=obj/third_party/boringssl/boringssl_asm/aes-armv4.o,source_path=,flags={},num_aliases=1,component=)
.text@830280(size_without_padding=472,padding=0,full_name=_armv4_AES_encrypt,object_path=obj/third_party/boringssl/boringssl_asm/aes-armv4.o,source_path=,flags={},num_aliases=1,component=)
.text@830460(size_without_padding=672,padding=0,full_name=aes_nohw_set_encrypt_key,object_path=obj/third_party/boringssl/boringssl_asm/aes-armv4.o,source_path=,flags={},num_aliases=1,component=)
.text@830700(size_without_padding=32,padding=0,full_name=aes_nohw_set_decrypt_key,object_path=obj/third_party/boringssl/boringssl_asm/aes-armv4.o,source_path=,flags={},num_aliases=1,component=)
.text@830720(size_without_padding=292,padding=0,full_name=AES_set_enc2dec_key,object_path=obj/third_party/boringssl/boringssl_asm/aes-armv4.o,source_path=,flags={},num_aliases=1,component=)
.text@830860(size_without_padding=1280,padding=0,full_name=AES_Td,object_path=obj/third_party/boringssl/boringssl_asm/aes-armv4.o,source_path=,flags={},num_aliases=1,component=)
.text@830d60(size_without_padding=96,padding=0,full_name=aes_nohw_decrypt,object_path=obj/third_party/boringssl/boringssl_asm/aes-armv4.o,source_path=,flags={},num_aliases=1,component=)
.text@830dc0(size_without_padding=504,padding=0,full_name=_armv4_AES_decrypt,object_path=obj/third_party/boringssl/boringssl_asm/aes-armv4.o,source_path=,flags={},num_aliases=1,component=)
.text@831000(size_without_padding=64,padding=0,full_name=,object_path=obj/third_party/boringssl/boringssl_asm/aesv8-armx32.o,source_path=,flags={},num_aliases=1,component=)
.text@831040(size_without_padding=536,padding=0,full_name=aes_hw_set_encrypt_key,object_path=obj/third_party/boringssl/boringssl_asm/aesv8-armx32.o,source_path=,flags={},num_aliases=1,component=)
.text@831260(size_without_padding=96,padding=0,full_name=aes_hw_set_decrypt_key,object_path=obj/third_party/boringssl/boringssl_asm/aesv8-armx32.o,source_path=,flags={},num_aliases=1,component=)
.text@8312c0(size_without_padding=80,padding=0,full_name=aes_hw_encrypt,object_path=obj/third_party/boringssl/boringssl_asm/aesv8-armx32.o,source_path=,flags={},num_aliases=1,component=)
.text@831320(size_without_padding=80,padding=0,full_name=aes_hw_decrypt,object_path=obj/third_party/boringssl/boringssl_asm/aesv8-armx32.o,source_path=,flags={},num_aliases=1,component=)
.text@83c640(size_without_padding=11872,padding=0,full_name=v8_Default_embedded_blob_data_,object_path=obj/v8/v8_external_snapshot/embedded.o,source_path=,flags={},num_aliases=1,component=)
.text@83f4a0(size_without_padding=800,padding=0,full_name=Builtins_RecordWrite,object_path=obj/v8/v8_external_snapshot/embedded.o,source_path=,flags={},num_aliases=1,component=)
.text@83f7c0(size_without_padding=64,padding=0,full_name=Builtins_AdaptorWithExitFrame,object_path=obj/v8/v8_external_snapshot/embedded.o,source_path=,flags={},num_aliases=1,component=)
.text@83f800(size_without_padding=64,padding=0,full_name=Builtins_AdaptorWithBuiltinExitFrame,object_path=obj/v8/v8_external_snapshot/embedded.o,source_path=,flags={},num_aliases=1,component=)
.text@83f840(size_without_padding=256,padding=0,full_name=Builtins_ArgumentsAdaptorTrampoline,object_path=obj/v8/v8_external_snapshot/embedded.o,source_path=,flags={},num_aliases=1,component=)
.text@83f940(size_without_padding=256,padding=0,full_name=Builtins_CallFunction_ReceiverIsNullOrUndefined,object_path=obj/v8/v8_external_snapshot/embedded.o,source_path=,flags={},num_aliases=1,component=)
.text@83fa40(size_without_padding=320,padding=0,full_name=Builtins_CallFunction_ReceiverIsNotNullOrUndefined,object_path=obj/v8/v8_external_snapshot/embedded.o,source_path=,flags={},num_aliases=1,component=)
.text@83fb80(size_without_padding=384,padding=0,full_name=Builtins_CallFunction_ReceiverIsAny,object_path=obj/v8/v8_external_snapshot/embedded.o,source_path=,flags={},num_aliases=1,component=)
.text@83fd00(size_without_padding=1275936,padding=0,full_name=Builtins_CallBoundFunction,object_path=obj/v8/v8_external_snapshot/embedded.o,source_path=,flags={},num_aliases=1,component=)
.text@977520(size_without_padding=24,padding=0,full_name=PushAllRegisters,object_path=obj/third_party/blink/renderer/platform/heap/asm/asm/SaveRegisters_arm.o,source_path=,flags={},num_aliases=1,component=)
.text@97c834(size_without_padding=1244,padding=0,full_name=vpx_convolve8_avg_horiz_filter_type1_neon,object_path=obj/third_party/libvpx/libvpx_assembly_arm.a(libvpx_assembly_arm/vpx_convolve8_avg_horiz_filter_type1_neon.asm.o),source_path=,flags={},num_aliases=1,component=)
.text@99cad8(size_without_padding=252,padding=0,full_name=sinh,object_path=../../third_party/android_ndk/sources/cxx-stl/llvm-libc++/libs/armeabi-v7a/libandroid_support.a(e_sinh.o),source_path=,flags={},num_aliases=1,component=)
.text@1401788(size_without_padding=164,padding=0,full_name=$_21::operator()(FamilyData*, char const*, char const**) const,object_path=,source_path=,flags={},num_aliases=1,component=)
.text@1401820(size_without_padding=16,padding=0,full_name=UnlikelyFunc,object_path=,source_path=,flags={unlikely},num_aliases=1,component=)
.text@1401850(size_without_padding=16,padding=0,full_name=StartUpFunc,object_path=,source_path=,flags={startup},num_aliases=1,component=)
.data@2d4c000(size_without_padding=4,padding=0,full_name=v8_Default_embedded_blob_,object_path=obj/v8/v8_external_snapshot/embedded.o,source_path=,flags={},num_aliases=1,component=)
.data@2d4c004(size_without_padding=4,padding=0,full_name=__dso_handle,object_path=../../third_party/android_ndk/platforms/android-16/arch-arm/usr/lib/crtbegin_so.o,source_path=,flags={},num_aliases=1,component=)
.data.rel.ro@2d69000(size_without_padding=60,padding=0,full_name=fft_tab_vfp,object_path=obj/third_party/ffmpeg/libffmpeg_internal.a(ffmpeg_internal/fft_vfp.o),source_path=,flags={},num_aliases=1,component=)
.data.rel.ro@2d6903c(size_without_padding=60,padding=0,full_name=fft_tab_neon,object_path=obj/third_party/ffmpeg/libffmpeg_internal.a(ffmpeg_internal/fft_neon.o),source_path=,flags={},num_aliases=1,component=)
.data.rel.ro@2d69078(size_without_padding=64,padding=0,full_name=vtable for std::__ndk1::basic_streambuf<wchar_t, std::__ndk1::char_traits<wchar_t> >,object_path=../../third_party/android_ndk/sources/cxx-stl/llvm-libc++/libs/armeabi-v7a/libc++_static.a(ios.o),source_path=,flags={},num_aliases=1,component=)
.data.rel.ro@2d690b8(size_without_padding=40,padding=0,full_name=vtable for std::__ndk1::basic_istream<char, std::__ndk1::char_traits<char> >,object_path=../../third_party/android_ndk/sources/cxx-stl/llvm-libc++/libs/armeabi-v7a/libc++_static.a(ios.o),source_path=,flags={},num_aliases=1,component=)
.data.rel.ro@2d690e0(size_without_padding=40,padding=0,full_name=vtable for std::__ndk1::basic_istream<wchar_t, std::__ndk1::char_traits<wchar_t> >,object_path=../../third_party/android_ndk/sources/cxx-stl/llvm-libc++/libs/armeabi-v7a/libc++_static.a(ios.o),source_path=,flags={},num_aliases=1,component=)
.data.rel.ro@2d69108(size_without_padding=40,padding=0,full_name=vtable for std::__ndk1::basic_ostream<char, std::__ndk1::char_traits<char> >,object_path=../../third_party/android_ndk/sources/cxx-stl/llvm-libc++/libs/armeabi-v7a/libc++_static.a(ios.o),source_path=,flags={},num_aliases=1,component=)
.data.rel.ro@2d69130(size_without_padding=40,padding=0,full_name=vtable for std::__ndk1::basic_ostream<wchar_t, std::__ndk1::char_traits<wchar_t> >,object_path=../../third_party/android_ndk/sources/cxx-stl/llvm-libc++/libs/armeabi-v7a/libc++_static.a(ios.o),source_path=,flags={},num_aliases=1,component=)
.data.rel.ro@2d69158(size_without_padding=36,padding=0,full_name=vtable for std::__ndk1::__iostream_category,object_path=../../third_party/android_ndk/sources/cxx-stl/llvm-libc++/libs/armeabi-v7a/libc++_static.a(ios.o),source_path=,flags={},num_aliases=1,component=)
.data.rel.ro@2d6917c(size_without_padding=20,padding=0,full_name=vtable for std::__ndk1::ios_base::failure,object_path=../../third_party/android_ndk/sources/cxx-stl/llvm-libc++/libs/armeabi-v7a/libc++_static.a(ios.o),source_path=,flags={},num_aliases=1,component=)
.data.rel.ro@2d69190(size_without_padding=16,padding=0,full_name=vtable for std::__ndk1::ios_base,object_path=../../third_party/android_ndk/sources/cxx-stl/llvm-libc++/libs/armeabi-v7a/libc++_static.a(ios.o),source_path=,flags={},num_aliases=1,component=)
.data.rel.ro@2d691a0(size_without_padding=12,padding=0,full_name=typeinfo for std::__ndk1::ios_base::failure,object_path=../../third_party/android_ndk/sources/cxx-stl/llvm-libc++/libs/armeabi-v7a/libc++_static.a(ios.o),source_path=,flags={},num_aliases=1,component=)
.data.rel.ro@2d691ac(size_without_padding=8,padding=0,full_name=typeinfo for std::__ndk1::ios_base,object_path=../../third_party/android_ndk/sources/cxx-stl/llvm-libc++/libs/armeabi-v7a/libc++_static.a(ios.o),source_path=,flags={},num_aliases=1,component=)
.data.rel.ro@2d691b4(size_without_padding=12,padding=0,full_name=typeinfo for std::__ndk1::__iostream_category,object_path=../../third_party/android_ndk/sources/cxx-stl/llvm-libc++/libs/armeabi-v7a/libc++_static.a(ios.o),source_path=,flags={},num_aliases=1,component=)
.bss@2f56000(size_without_padding=4,padding=0,full_name=WebRtcSpl_CrossCorrelation,object_path=,source_path=,flags={},num_aliases=1,component=)
.bss@2f56004(size_without_padding=4,padding=0,full_name=WebRtcSpl_DownsampleFast,object_path=,source_path=,flags={},num_aliases=1,component=)
.bss@2f56008(size_without_padding=4,padding=0,full_name=WebRtcSpl_MaxAbsValueW16,object_path=,source_path=,flags={},num_aliases=1,component=)
.part.end@0(size_without_padding=4096,padding=0,full_name=** ,object_path=,source_path=,flags={},num_aliases=1,component=)
